// Jest Snapshot v1, https://goo.gl/fbAQLP

exports[`card component renders the UI as expected 1`] = `
<div
  className="Card"
>
  <button
    onClick={[Function]}
    type="button"
  >
    Delete Card
  </button>
  <h3>
    Title
  </h3>
  <p>
    Content
  </p>
</div>
`;
