// Jest Snapshot v1, https://goo.gl/fbAQLP

exports[`list component renders the UI as expected 1`] = `
<section
  className="List"
>
  <header
    className="List-header"
  >
    <h2>
      Test Header
    </h2>
  </header>
  <div
    className="List-cards"
  >
    <button
      onClick={[Function]}
      type="button"
    >
      Add Random Card
    </button>
  </div>
</section>
`;
